// Jest Snapshot v1, https://goo.gl/fbAQLP

exports[`Settings snapshots should render 1`] = `
<div
  className="settings"
>
  <div
    className="settings__content"
  >
    <fieldset
      className="fieldset fieldset--no-margin-top"
    >
      <legend
        className="fieldset__title"
      >
        Aparência
      </legend>
      <div
        className="settings__field"
      >
        <div
          className="toggle"
        >
          <div
            className="toggle__input"
            onClick={[Function]}
          >
            <div
              className="toggle__circle"
            >
              
            </div>
          </div>
          <div
            className="toggle__label"
            onClick={[Function]}
          >
            Tema escuro
          </div>
        </div>
      </div>
      <div
        className="settings__field"
      >
        <div
          className="toggle"
        >
          <div
            className="toggle__input"
            onClick={[Function]}
          >
            <div
              className="toggle__circle"
            >
              
            </div>
          </div>
          <div
            className="toggle__label"
            onClick={[Function]}
          >
            Tema compacto
          </div>
        </div>
      </div>
    </fieldset>
    <fieldset
      className="fieldset"
    >
      <legend
        className="fieldset__title"
      >
        Idioma padrão
      </legend>
      <div
        className="settings__field settings__field--50"
      >
        <div
          className="select"
        >
          <div
            className="select__field-container"
            onClick={[Function]}
          >
            <div
              className="select__field"
            >
              <div
                className="select__option select__option--unselectable"
              >
                <div
                  className="select__option-icon select__option-icon--rounded-border"
                >
                  <div
                    className="icon icon--small"
                  >
                    <svg>
                      usa.svg
                    </svg>
                  </div>
                </div>
                <div
                  className="select__option-text"
                >
                  Inglês (EUA)
                </div>
              </div>
            </div>
            <div
              className="select__field-icon"
            >
              <div
                className="icon icon--medium"
              >
                <svg
                  fill="none"
                  height="1em"
                  stroke="currentColor"
                  strokeLinecap="round"
                  strokeLinejoin="round"
                  strokeWidth="2"
                  style={
                    Object {
                      "color": undefined,
                    }
                  }
                  viewBox="0 0 24 24"
                  width="1em"
                  xmlns="http://www.w3.org/2000/svg"
                >
                  <polyline
                    points="6 9 12 15 18 9"
                  />
                </svg>
              </div>
            </div>
          </div>
          <div
            className="select__dropdown"
          >
            <div
              className="select__option"
              onClick={[Function]}
            >
              <div
                className="select__option-icon select__option-icon--rounded-border"
              >
                <div
                  className="icon icon--small"
                >
                  <svg>
                    germany.svg
                  </svg>
                </div>
              </div>
              <div
                className="select__option-text"
              >
                Alemão
              </div>
            </div>
            <div
              className="select__option"
              onClick={[Function]}
            >
              <div
                className="select__option-icon select__option-icon--rounded-border"
              >
                <div
                  className="icon icon--small"
                >
                  <svg>
                    catalonia.svg
                  </svg>
                </div>
              </div>
              <div
                className="select__option-text"
              >
                Catalão
              </div>
            </div>
            <div
              className="select__option"
              onClick={[Function]}
            >
              <div
                className="select__option-icon select__option-icon--rounded-border"
              >
                <div
                  className="icon icon--small"
                >
                  <svg>
                    denmark.svg
                  </svg>
                </div>
              </div>
              <div
                className="select__option-text"
              >
                Dinamarquês
              </div>
            </div>
            <div
              className="select__option"
              onClick={[Function]}
            >
              <div
                className="select__option-icon select__option-icon--rounded-border"
              >
                <div
                  className="icon icon--small"
                >
                  <svg>
                    slovakia.svg
                  </svg>
                </div>
              </div>
              <div
                className="select__option-text"
              >
                Eslovaco
              </div>
            </div>
            <div
              className="select__option"
              onClick={[Function]}
            >
              <div
                className="select__option-icon select__option-icon--rounded-border"
              >
                <div
                  className="icon icon--small"
                >
                  <svg>
                    spain.svg
                  </svg>
                </div>
              </div>
              <div
                className="select__option-text"
              >
                Espanhol
              </div>
            </div>
            <div
              className="select__option"
              onClick={[Function]}
            >
              <div
                className="select__option-icon select__option-icon--rounded-border"
              >
                <div
                  className="icon icon--small"
                >
                  <svg>
                    finland.svg
                  </svg>
                </div>
              </div>
              <div
                className="select__option-text"
              >
                Finlandês
              </div>
            </div>
            <div
              className="select__option"
              onClick={[Function]}
            >
              <div
                className="select__option-icon select__option-icon--rounded-border"
              >
                <div
                  className="icon icon--small"
                >
                  <svg>
                    france.svg
                  </svg>
                </div>
              </div>
              <div
                className="select__option-text"
              >
                Francês
              </div>
            </div>
            <div
              className="select__option select__option--selected"
              onClick={[Function]}
            >
              <div
                className="select__option-icon select__option-icon--rounded-border"
              >
                <div
                  className="icon icon--small"
                >
                  <svg>
                    usa.svg
                  </svg>
                </div>
              </div>
              <div
                className="select__option-text"
              >
                Inglês (EUA)
              </div>
            </div>
            <div
              className="select__option"
              onClick={[Function]}
            >
              <div
                className="select__option-icon select__option-icon--rounded-border"
              >
                <div
                  className="icon icon--small"
                >
                  <svg>
                    italy.svg
                  </svg>
                </div>
              </div>
              <div
                className="select__option-text"
              >
                Italiano
              </div>
            </div>
            <div
              className="select__option"
              onClick={[Function]}
            >
              <div
                className="select__option-icon select__option-icon--rounded-border"
              >
                <div
                  className="icon icon--small"
                >
                  <svg>
                    poland.svg
                  </svg>
                </div>
              </div>
              <div
                className="select__option-text"
              >
                Polonês
              </div>
            </div>
            <div
              className="select__option"
              onClick={[Function]}
            >
              <div
                className="select__option-icon select__option-icon--rounded-border"
              >
                <div
                  className="icon icon--small"
                >
                  <svg>
                    brazil.svg
                  </svg>
                </div>
              </div>
              <div
                className="select__option-text"
              >
                Português (Brasil)
              </div>
            </div>
            <div
              className="select__option"
              onClick={[Function]}
            >
              <div
                className="select__option-icon select__option-icon--rounded-border"
              >
                <div
                  className="icon icon--small"
                >
                  <svg>
                    portugal.svg
                  </svg>
                </div>
              </div>
              <div
                className="select__option-text"
              >
                Português (Portugal)
              </div>
            </div>
            <div
              className="select__option"
              onClick={[Function]}
            >
              <div
                className="select__option-icon select__option-icon--rounded-border"
              >
                <div
                  className="icon icon--small"
                >
                  <svg>
                    romania.svg
                  </svg>
                </div>
              </div>
              <div
                className="select__option-text"
              >
                Romeno
              </div>
            </div>
            <div
              className="select__option"
              onClick={[Function]}
            >
              <div
                className="select__option-icon select__option-icon--rounded-border"
              >
                <div
                  className="icon icon--small"
                >
                  <svg>
                    russia.svg
                  </svg>
                </div>
              </div>
              <div
                className="select__option-text"
              >
                Russo
              </div>
            </div>
            <div
              className="select__option"
              onClick={[Function]}
            >
              <div
                className="select__option-icon select__option-icon--rounded-border"
              >
                <div
                  className="icon icon--small"
                >
                  <svg>
                    czech.svg
                  </svg>
                </div>
              </div>
              <div
                className="select__option-text"
              >
                Tcheco
              </div>
            </div>
            <div
              className="select__option"
              onClick={[Function]}
            >
              <div
                className="select__option-icon select__option-icon--rounded-border"
              >
                <div
                  className="icon icon--small"
                >
                  <svg>
                    turkey.svg
                  </svg>
                </div>
              </div>
              <div
                className="select__option-text"
              >
                Turco
              </div>
            </div>
          </div>
        </div>
      </div>
    </fieldset>
    <fieldset
      className="fieldset"
    >
      <legend
        className="fieldset__title"
      >
        Mostrar no painel de traduções
      </legend>
      <div
        className="settings__language-toggle-container"
      >
        <div
          className="settings__field"
        >
          <div
            className="toggle"
          >
            <div
              className="toggle__input toggle__input--checked"
              onClick={[Function]}
            >
              <div
                className="toggle__circle toggle__circle--with-icon toggle__circle--checked"
              >
                <div
                  className="icon"
                >
                  <svg>
                    germany.svg
                  </svg>
                </div>
              </div>
            </div>
            <div
              className="toggle__label"
              onClick={[Function]}
            >
              Alemão
            </div>
          </div>
        </div>
        <div
          className="settings__field"
        >
          <div
            className="toggle"
          >
            <div
              className="toggle__input toggle__input--checked"
              onClick={[Function]}
            >
              <div
                className="toggle__circle toggle__circle--with-icon toggle__circle--checked"
              >
                <div
                  className="icon"
                >
                  <svg>
                    catalonia.svg
                  </svg>
                </div>
              </div>
            </div>
            <div
              className="toggle__label"
              onClick={[Function]}
            >
              Catalão
            </div>
          </div>
        </div>
        <div
          className="settings__field"
        >
          <div
            className="toggle"
          >
            <div
              className="toggle__input toggle__input--checked"
              onClick={[Function]}
            >
              <div
                className="toggle__circle toggle__circle--with-icon toggle__circle--checked"
              >
                <div
                  className="icon"
                >
                  <svg>
                    denmark.svg
                  </svg>
                </div>
              </div>
            </div>
            <div
              className="toggle__label"
              onClick={[Function]}
            >
              Dinamarquês
            </div>
          </div>
        </div>
        <div
          className="settings__field"
        >
          <div
            className="toggle"
          >
            <div
              className="toggle__input toggle__input--checked"
              onClick={[Function]}
            >
              <div
                className="toggle__circle toggle__circle--with-icon toggle__circle--checked"
              >
                <div
                  className="icon"
                >
                  <svg>
                    slovakia.svg
                  </svg>
                </div>
              </div>
            </div>
            <div
              className="toggle__label"
              onClick={[Function]}
            >
              Eslovaco
            </div>
          </div>
        </div>
        <div
          className="settings__field"
        >
          <div
            className="toggle"
          >
            <div
              className="toggle__input toggle__input--checked"
              onClick={[Function]}
            >
              <div
                className="toggle__circle toggle__circle--with-icon toggle__circle--checked"
              >
                <div
                  className="icon"
                >
                  <svg>
                    spain.svg
                  </svg>
                </div>
              </div>
            </div>
            <div
              className="toggle__label"
              onClick={[Function]}
            >
              Espanhol
            </div>
          </div>
        </div>
        <div
          className="settings__field"
        >
          <div
            className="toggle"
          >
            <div
              className="toggle__input toggle__input--checked"
              onClick={[Function]}
            >
              <div
                className="toggle__circle toggle__circle--with-icon toggle__circle--checked"
              >
                <div
                  className="icon"
                >
                  <svg>
                    finland.svg
                  </svg>
                </div>
              </div>
            </div>
            <div
              className="toggle__label"
              onClick={[Function]}
            >
              Finlandês
            </div>
          </div>
        </div>
        <div
          className="settings__field"
        >
          <div
            className="toggle"
          >
            <div
              className="toggle__input toggle__input--checked"
              onClick={[Function]}
            >
              <div
                className="toggle__circle toggle__circle--with-icon toggle__circle--checked"
              >
                <div
                  className="icon"
                >
                  <svg>
                    france.svg
                  </svg>
                </div>
              </div>
            </div>
            <div
              className="toggle__label"
              onClick={[Function]}
            >
              Francês
            </div>
          </div>
        </div>
        <div
          className="settings__field"
        >
          <div
            className="toggle"
          >
            <div
              className="toggle__input toggle__input--disabled"
              onClick={null}
            >
              <div
                className="toggle__circle toggle__circle--with-icon"
              >
                <div
                  className="icon"
                >
                  <svg>
                    usa.svg
                  </svg>
                </div>
              </div>
            </div>
            <div
              className="toggle__label toggle__label--disabled"
              onClick={null}
            >
              Inglês (EUA)
            </div>
          </div>
        </div>
        <div
          className="settings__field"
        >
          <div
            className="toggle"
          >
            <div
              className="toggle__input toggle__input--checked"
              onClick={[Function]}
            >
              <div
                className="toggle__circle toggle__circle--with-icon toggle__circle--checked"
              >
                <div
                  className="icon"
                >
                  <svg>
                    italy.svg
                  </svg>
                </div>
              </div>
            </div>
            <div
              className="toggle__label"
              onClick={[Function]}
            >
              Italiano
            </div>
          </div>
        </div>
        <div
          className="settings__field"
        >
          <div
            className="toggle"
          >
            <div
              className="toggle__input toggle__input--checked"
              onClick={[Function]}
            >
              <div
                className="toggle__circle toggle__circle--with-icon toggle__circle--checked"
              >
                <div
                  className="icon"
                >
                  <svg>
                    poland.svg
                  </svg>
                </div>
              </div>
            </div>
            <div
              className="toggle__label"
              onClick={[Function]}
            >
              Polonês
            </div>
          </div>
        </div>
        <div
          className="settings__field"
        >
          <div
            className="toggle"
          >
            <div
              className="toggle__input toggle__input--checked"
              onClick={[Function]}
            >
              <div
                className="toggle__circle toggle__circle--with-icon toggle__circle--checked"
              >
                <div
                  className="icon"
                >
                  <svg>
                    brazil.svg
                  </svg>
                </div>
              </div>
            </div>
            <div
              className="toggle__label"
              onClick={[Function]}
            >
              Português (Brasil)
            </div>
          </div>
        </div>
        <div
          className="settings__field"
        >
          <div
            className="toggle"
          >
            <div
              className="toggle__input toggle__input--checked"
              onClick={[Function]}
            >
              <div
                className="toggle__circle toggle__circle--with-icon toggle__circle--checked"
              >
                <div
                  className="icon"
                >
                  <svg>
                    portugal.svg
                  </svg>
                </div>
              </div>
            </div>
            <div
              className="toggle__label"
              onClick={[Function]}
            >
              Português (Portugal)
            </div>
          </div>
        </div>
        <div
          className="settings__field"
        >
          <div
            className="toggle"
          >
            <div
              className="toggle__input toggle__input--checked"
              onClick={[Function]}
            >
              <div
                className="toggle__circle toggle__circle--with-icon toggle__circle--checked"
              >
                <div
                  className="icon"
                >
                  <svg>
                    romania.svg
                  </svg>
                </div>
              </div>
            </div>
            <div
              className="toggle__label"
              onClick={[Function]}
            >
              Romeno
            </div>
          </div>
        </div>
        <div
          className="settings__field"
        >
          <div
            className="toggle"
          >
            <div
              className="toggle__input toggle__input--checked"
              onClick={[Function]}
            >
              <div
                className="toggle__circle toggle__circle--with-icon toggle__circle--checked"
              >
                <div
                  className="icon"
                >
                  <svg>
                    russia.svg
                  </svg>
                </div>
              </div>
            </div>
            <div
              className="toggle__label"
              onClick={[Function]}
            >
              Russo
            </div>
          </div>
        </div>
        <div
          className="settings__field"
        >
          <div
            className="toggle"
          >
            <div
              className="toggle__input toggle__input--checked"
              onClick={[Function]}
            >
              <div
                className="toggle__circle toggle__circle--with-icon toggle__circle--checked"
              >
                <div
                  className="icon"
                >
                  <svg>
                    czech.svg
                  </svg>
                </div>
              </div>
            </div>
            <div
              className="toggle__label"
              onClick={[Function]}
            >
              Tcheco
            </div>
          </div>
        </div>
        <div
          className="settings__field"
        >
          <div
            className="toggle"
          >
            <div
              className="toggle__input toggle__input--checked"
              onClick={[Function]}
            >
              <div
                className="toggle__circle toggle__circle--with-icon toggle__circle--checked"
              >
                <div
                  className="icon"
                >
                  <svg>
                    turkey.svg
                  </svg>
                </div>
              </div>
            </div>
            <div
              className="toggle__label"
              onClick={[Function]}
            >
              Turco
            </div>
          </div>
        </div>
      </div>
    </fieldset>
  </div>
  <div
    className="settings__footer"
  >
    <button
      className="button"
      onClick={[Function]}
    >
      <div
        className="button__content"
      >
        Voltar
      </div>
    </button>
  </div>
</div>
`;
