// Jest Snapshot v1, https://goo.gl/fbAQLP

exports[`TranslationField snapshots should render 1`] = `
<div
  className="translation-field"
>
  <div
    className="translation-field__flag"
  >
    <div
      className="translation-field__icon"
      title="Turco"
    >
      <div
        className="icon icon--small"
      >
        <svg>
          turkey.svg
        </svg>
      </div>
    </div>
  </div>
  <div
    className="input-text"
  >
    <input
      className="input-text__input input-text__input--disabled input-text__input--borderless"
      disabled={true}
      onChange={[Function]}
      placeholder="Selecione um item na lista"
      spellCheck={false}
      type="text"
      value=""
    />
    <div
      className="input-text__copy-button"
    >
      <div
        className="copy-text-button"
        onClick={[Function]}
        title="Copiar"
      >
        <div
          className="icon icon--small"
        >
          <svg
            fill="none"
            height="1em"
            stroke="currentColor"
            strokeLinecap="round"
            strokeLinejoin="round"
            strokeWidth="2"
            style={
              Object {
                "color": undefined,
              }
            }
            viewBox="0 0 24 24"
            width="1em"
            xmlns="http://www.w3.org/2000/svg"
          >
            <rect
              height="13"
              rx="2"
              ry="2"
              width="13"
              x="9"
              y="9"
            />
            <path
              d="M5 15H4a2 2 0 0 1-2-2V4a2 2 0 0 1 2-2h9a2 2 0 0 1 2 2v1"
            />
          </svg>
        </div>
      </div>
    </div>
  </div>
</div>
`;
