// Jest Snapshot v1, https://goo.gl/fbAQLP

exports[`TranslationsPanel snapshots should render 1`] = `
<div
  className="translations-panel"
>
  <div
    className="translations-panel__header"
  >
    Traduções
  </div>
  <div
    className="translations-panel__fields"
  >
    <div
      className="translations-panel__field-row"
    >
      <div
        className="translations-panel__field"
      >
        <div
          className="translation-field"
        >
          <div
            className="translation-field__flag"
          >
            <div
              className="translation-field__icon"
              title="Espanhol"
            >
              <div
                className="icon icon--small"
              >
                <svg>
                  spain.svg
                </svg>
              </div>
            </div>
          </div>
          <div
            className="input-text"
          >
            <input
              className="input-text__input input-text__input--disabled input-text__input--borderless"
              disabled={true}
              onChange={[Function]}
              placeholder="Selecione um item na lista"
              spellCheck={false}
              type="text"
              value=""
            />
          </div>
        </div>
      </div>
      <div
        className="translations-panel__field"
      >
        <div
          className="translation-field"
        >
          <div
            className="translation-field__flag"
          >
            <div
              className="translation-field__icon"
              title="Finlandês"
            >
              <div
                className="icon icon--small"
              >
                <svg>
                  finland.svg
                </svg>
              </div>
            </div>
          </div>
          <div
            className="input-text"
          >
            <input
              className="input-text__input input-text__input--disabled input-text__input--borderless"
              disabled={true}
              onChange={[Function]}
              placeholder="Selecione um item na lista"
              spellCheck={false}
              type="text"
              value=""
            />
          </div>
        </div>
      </div>
      <div
        className="translations-panel__field"
      >
        <div
          className="translation-field"
        >
          <div
            className="translation-field__flag"
          >
            <div
              className="translation-field__icon"
              title="Francês"
            >
              <div
                className="icon icon--small"
              >
                <svg>
                  france.svg
                </svg>
              </div>
            </div>
          </div>
          <div
            className="input-text"
          >
            <input
              className="input-text__input input-text__input--disabled input-text__input--borderless"
              disabled={true}
              onChange={[Function]}
              placeholder="Selecione um item na lista"
              spellCheck={false}
              type="text"
              value=""
            />
          </div>
        </div>
      </div>
    </div>
    <div
      className="translations-panel__field-row"
    >
      <div
        className="translations-panel__field"
      >
        <div
          className="translation-field"
        >
          <div
            className="translation-field__flag"
          >
            <div
              className="translation-field__icon"
              title="Português (Brasil)"
            >
              <div
                className="icon icon--small"
              >
                <svg>
                  brazil.svg
                </svg>
              </div>
            </div>
          </div>
          <div
            className="input-text"
          >
            <input
              className="input-text__input input-text__input--disabled input-text__input--borderless"
              disabled={true}
              onChange={[Function]}
              placeholder="Selecione um item na lista"
              spellCheck={false}
              type="text"
              value=""
            />
          </div>
        </div>
      </div>
    </div>
  </div>
</div>
`;
